[mtrp.store/index.html]
[cdn.salla.sa/PvnxK/XRxu6D1Y3qveQuMuG9MzdbG1q7NLGbuJZ3FXyaY1.png]
[backblue.gif]
[fade.gif]
[index.html]
[cdn.salla.sa/PvnxK/zvXQvIC2bjWmqtl3IuBYeCPBs0wk5NBxbSlEQwlU.png]
[cdn.assets.salla.network/stores/css/app7e84.css]
[cdn.assets.salla.network/stores/css/themesc180.css]
[cdn.assets.salla.network/stores/css/plugins865a.css]
[cdn.assets.salla.network/stores/themes/default/assets/css/slick-theme6fd4.css]
[cdn.assets.salla.network/stores/sallaicons.css]
[cdnjs.cloudflare.com/ajax/libs/font-awesome/4.7.0/css/font-awesome.min.css]
[cdn.assets.salla.network/stores/themes/theme_6/assets/css/main6fd4.css]
[cdn.assets.salla.network/stores/css/intlTelInput0309.css]
[cdn.assets.salla.network/stores/themes/theme_6/assets/css/theme-custom6fd4.css]
[cdn.polyfill.io/v3/polyfill.mina9ef.js]
[cdn.salla.network/legacy/fonts/defaulte209.css]
[mtrp.store/cart.html]
[cdn.assets.salla.network/stores/themes/default/assets/images/avatar_male.png]
[mtrp.store/mtredm/c1549978694.html]
[mtrp.store/الشخصية-mtrd/c1086809967.html]
[mtrp.store/الدخول-السريع/c1261443692.html]
[mtrp.store/الخيول/c762744432.html]
[mtrp.store/mtfivem/c1443018093.html]
[mtrp.store/الشخصية/c1282360812.html]
[mtrp.store/الحساب/c473700083.html]
[mtrp.store/المركبات/c299638682.html]
[mtrp.store/المنازل/c829862392.html]
[mtrp.store/الدخول-السريع/c735061148.html]
[mtrp.store/العضويات/c613710790.html]
[mtrp.store/دعم-السيرفر-donate-5/p163766677.html]
[mtrp.store/cdn-cgi/scripts/7d0fa10a/cloudflare-static/rocket-loader.min.js]
[mtrp.store/index0307.html]
[mtrp.store/indexc622.html]
[mtrp.store/index74e8.html]
[mtrp.store/indexca82.html]
[mtrp.store/index3c91.html]
[cdn.salla.sa/form-builder/onREQgOAFQuS7cyU9DMN9eSJA5yBR4FRlSJzOpia.jpg]
[mtrp.store/index9f49.html]
[mtrp.store/index5bbc.html]
[mtrp.store/indexb912.html]
[mtrp.store/index0d8c.html]
[mtrp.store/indexb860.html]
[mtrp.store/indexedbc.html]
[mtrp.store/كود-التفعيل/p742772087.html]
[mtrp.store/index46eb.html]
[mtrp.store/index9c78.html]
[mtrp.store/index9cce.html]
[cdn.assets.salla.network/stores/themes/default/assets/images/product-loading6fd4.png]
[mtrp.store/index3ba8.html]
[mtrp.store/اضافة-100-كيلو-للخزنة/p117441863.html]
[mtrp.store/indexb76d.html]
[mtrp.store/index7852.html]
[mtrp.store/index741e.html]
[mtrp.store/اختيار-مجسم-شخصية/p1937406742.html]
[mtrp.store/indexde9d.html]
[mtrp.store/indexd2c3.html]
[mtrp.store/index874e.html]
[mtrp.store/لوحة-مركبة-5-رموز-عشوائية/p1053700786.html]
[mtrp.store/index5d1e.html]
[mtrp.store/indexd102.html]
[mtrp.store/index8c9b.html]
[mtrp.store/رقم-هاتف-مميز-مكون-من-10-رموز-مختارة/p1887815507.html]
[mtrp.store/index6a8b.html]
[mtrp.store/indexdc23.html]
[mtrp.store/indexbfa2.html]
[mtrp.store/تغير-الأسم/p759540843.html]
[mtrp.store/index58dd.html]
[mtrp.store/indexc75f.html]
[mtrp.store/index06e8.html]
[mtrp.store/اولوية-الدخول-السريع-lvl-1-7-ايام/p1892996512.html]
[mtrp.store/index3f69.html]
[mtrp.store/اولوية-الدخول-السريع-lvl-2-7-ايام/p1317696514.html]
[mtrp.store/اولوية-الدخول-السريع-lvl-3-7-ايام/p1423858837.html]
[mtrp.store/اولوية-الدخول-السريع-lvl-1-24h/p334039267.html]
[cdn.salla.sa/PvnxK/design/LVPjrYQCbkOZDhdOyudwAYe6iVQW6nyu3XOkFAFP.png]
[mtrp.store/حزمة-الخيل-العربي-الأحمر-7-ايام/p1662222065.html]
[mtrp.store/اولوية-الدخول-السريع-lvl-3-14-day/p163896128.html]
[mtrp.store/زيادة-كيلوات-خزنة-البنك-50-كيلو/p545912220.html]
[mtrp.store/زيادة-حقيبة-اللاعب-10-كيلو/p919553728.html]
[mtrp.store/حزمة-الخيل-العربي-الأسود-7-ايام/p1653421419.html]
[mtrp.store/حزمة-الخيل-الذهبي-7-ايام/p1618206642.html]
[mtrp.store/زيادة-خانات-خزنة-البنك-5-خانات/p630961469.html]
[mtrp.store/اولوية-الدخول-السريع-lvl-2-14-day/p826316835.html]
[cdn.assets.salla.network/stores/themes/default/assets/images/maroof6fd4.png]
[mtrp.store/سياسة-الاستبدال-والاسترجاع/page-2072543970.html]
[cdn.assets.salla.network/stores/themes/default/assets/images/mada6fd4.png]
[cdn.assets.salla.network/stores/themes/default/assets/images/cc6fd4.png]
[cdn.assets.salla.network/stores/js/esfd8f.js]
[cdn.assets.salla.network/stores/js/app9f26.js]
[cdn.assets.salla.network/stores/js/themescd3f.js]
[cdn.assets.salla.network/stores/vendor/salla/events.js]
[cdn.assets.salla.network/stores/themes/default/assets/js/plugins/slick6fd4.js]
[cdn.assets.salla.network/stores/themes/theme_6/assets/js/app6fd4.js]
[cdn.assets.salla.network/stores/themes/default/assets/js/plugins/jquery-ui.min6fd4.js]
[cdn.sift.com/s.js]
[mtrp.store/index.html]
[cdn.assets.salla.network/stores/themes/default/assets/js/pages/add_cart6fd4.js]
[cdn.assets.salla.network/themes/default/assets/images/placeholder.png]
[cdn.assets.salla.network/stores/css/app7e84.css]
[cdn.assets.salla.network/images/logo7ade.png]
[cdn.assets.salla.network/images/box-shadow2737.png]
[cdn.assets.salla.network/images/logo@2x28c4.png]
[cdn.assets.salla.network/images/logo@3xaba9.png]
[cdn.assets.salla.network/images/images6d2b.png]
[cdn.assets.salla.network/stores/css/themesc180.css]
[cdn.assets.salla.network/stores/images/login_cover.jpg]
[cdn.assets.salla.network/stores/css/owl.video.play.png]
[cdn.assets.salla.network/stores/css/plugins865a.css]
[cdn.assets.salla.network/stores/themes/default/assets/css/ajax-loader.gif]
[cdn.assets.salla.network/stores/themes/default/assets/css/fonts/slick.eot]
[cdn.assets.salla.network/stores/themes/default/assets/css/fonts/slickd41d.eot]
[cdn.assets.salla.network/stores/themes/default/assets/css/fonts/slick.woff]
[cdn.assets.salla.network/stores/themes/default/assets/css/fonts/slick.ttf]
[cdn.assets.salla.network/stores/themes/default/assets/css/fonts/slick.svg]
[cdn.assets.salla.network/stores/themes/default/assets/css/slick-theme6fd4.css]
[cdn.assets.salla.network/stores/fonts/sallaicons458b.eot]
[cdn.assets.salla.network/stores/fonts/sallaicons458b.ttf]
[cdn.assets.salla.network/stores/fonts/sallaicons458b.woff]
[cdn.assets.salla.network/stores/sallaicons.css]
[cdnjs.cloudflare.com/ajax/libs/font-awesome/4.7.0/css/font-awesome.min.css]
[cdn.assets.salla.network/stores/fonts/sallaicons458b.svg]
[cdn.assets.salla.network/stores/themes/theme_6/assets/img/newsletter.jpg]
[cdn.assets.salla.network/stores/themes/theme_6/assets/img/avatar_male.png]
[cdn.assets.salla.network/stores/themes/theme_6/assets/css/main6fd4.css]
[cdn.assets.salla.network/stores/css/flags.png]
[cdn.assets.salla.network/stores/css/flags@2x.png]
[cdn.assets.salla.network/stores/css/intlTelInput0309.css]
[cdn.assets.salla.network/stores/themes/theme_6/assets/css/theme-custom6fd4.css]
[www.googletagmanager.com/gtm5445.html]
[cdn.salla.network/legacy/fonts/dinnextltarabicregular7cc6.woff2]
[cdn.salla.network/legacy/fonts/dinnextltarabicregular18c7.woff]
[cdn.salla.network/legacy/fonts/dinnextltarabicregular5360.ttf]
[cdn.salla.network/legacy/fonts/dinnextlt23mediuma702.woff]
[cdn.salla.network/legacy/fonts/dinnextltw23mediume7ea.eot]
[cdn.salla.network/legacy/fonts/dinnextltw23medium6c1e.ttf]
[cdn.salla.network/legacy/fonts/dinnextltarabicbold2ef0.woff2]
[cdn.salla.network/legacy/fonts/dinnextltarabicbold2fe3.woff]
[cdn.salla.network/legacy/fonts/defaulte209.css]
[cdn.salla.network/legacy/fonts/dinnextltarabicbolde6f2.ttf]
[mtrp.store/cartb912.html]
[mtrp.store/cart0307.html]
[mtrp.store/cartc622.html]
[mtrp.store/cartca82.html]
[mtrp.store/cart74e8.html]
[mtrp.store/cart3c91.html]
[mtrp.store/cart5bbc.html]
[mtrp.store/cart9f49.html]
[mtrp.store/cart0d8c.html]
[mtrp.store/cartb860.html]
[mtrp.store/cartedbc.html]
[mtrp.store/cart9c78.html]
[mtrp.store/cart46eb.html]
[mtrp.store/cart9cce.html]
[mtrp.store/cart3ba8.html]
[mtrp.store/cartb76d.html]
[mtrp.store/cart7852.html]
[mtrp.store/cart741e.html]
[mtrp.store/cartde9d.html]
[mtrp.store/cartd2c3.html]
[mtrp.store/cart874e.html]
[mtrp.store/cart5d1e.html]
[mtrp.store/cartd102.html]
[mtrp.store/cartbfa2.html]
[mtrp.store/cart8c9b.html]
[mtrp.store/cart6a8b.html]
[mtrp.store/cartdc23.html]
[mtrp.store/cart58dd.html]
[mtrp.store/cart06e8.html]
[mtrp.store/cartc75f.html]
[mtrp.store/cart3f69.html]
[cdn.assets.salla.network/stores/themes/default/assets/js/pages/cart.index6fd4.js]
[cdn.assets.salla.network/stores/themes/default/assets/js/pages/cart_delete6fd4.js]
[mtrp.store/cart.html]
[cdn.assets.salla.network/stores/themes/default/assets/js/pages/cart_options6fd4.js]
[mtrp.store/mtredm/c1549978694b912.html]
[mtrp.store/mtredm/c15499786940307.html]
[mtrp.store/mtredm/c1549978694c622.html]
[mtrp.store/mtredm/c1549978694ca82.html]
[mtrp.store/mtredm/c154997869474e8.html]
[mtrp.store/mtredm/c15499786943c91.html]
[mtrp.store/mtredm/c15499786945bbc.html]
[mtrp.store/mtredm/c15499786949f49.html]
[mtrp.store/mtredm/c15499786940d8c.html]
[mtrp.store/mtredm/c1549978694b860.html]
[mtrp.store/mtredm/c1549978694edbc.html]
[mtrp.store/mtredm/c15499786949c78.html]
[mtrp.store/mtredm/c154997869446eb.html]
[mtrp.store/mtredm/c15499786949cce.html]
[mtrp.store/mtredm/c15499786943ba8.html]
[mtrp.store/mtredm/c1549978694b76d.html]
[mtrp.store/mtredm/c15499786947852.html]
[mtrp.store/mtredm/c1549978694741e.html]
[mtrp.store/mtredm/c1549978694de9d.html]
[mtrp.store/mtredm/c1549978694d2c3.html]
[mtrp.store/mtredm/c1549978694874e.html]
[mtrp.store/mtredm/c15499786945d1e.html]
[mtrp.store/mtredm/c1549978694d102.html]
[mtrp.store/mtredm/c1549978694bfa2.html]
[mtrp.store/mtredm/c15499786948c9b.html]
[mtrp.store/mtredm/c15499786946a8b.html]
[mtrp.store/mtredm/c1549978694dc23.html]
[mtrp.store/mtredm/c154997869458dd.html]
[mtrp.store/mtredm/c154997869406e8.html]
[mtrp.store/mtredm/c1549978694c75f.html]
[mtrp.store/mtredm/c15499786943f69.html]
[mtrp.store/اولوية-الدخول-السريع-lvl-1-14-day/p371257797.html]
[unpkg.com/infinite-scroll@3/dist/infinite-scroll.pkgd.min.bc.delayed]
[unpkg.com/infinite-scroll@3.0.6/dist/infinite-scroll.pkgd.min.js]
[cdn.assets.salla.network/stores/themes/default/assets/js/plugins/purl6fd4.js]
[mtrp.store/mtredm/c1549978694.html]
[mtrp.store/الشخصية-mtrd/c1086809967.html]
[mtrp.store/الدخول-السريع/c1261443692.html]
[mtrp.store/الخيول/c762744432.html]
[mtrp.store/index1e5d.html]
[mtrp.store/mtfivem/c1443018093b912.html]
[mtrp.store/mtfivem/c14430180930307.html]
[mtrp.store/mtfivem/c1443018093c622.html]
[mtrp.store/mtfivem/c1443018093ca82.html]
[mtrp.store/mtfivem/c144301809374e8.html]
[mtrp.store/mtfivem/c14430180933c91.html]
[mtrp.store/mtfivem/c14430180935bbc.html]
[mtrp.store/mtfivem/c14430180939f49.html]
[mtrp.store/mtfivem/c14430180930d8c.html]
[mtrp.store/mtfivem/c1443018093b860.html]
[mtrp.store/mtfivem/c1443018093edbc.html]
[mtrp.store/mtfivem/c14430180939c78.html]
[mtrp.store/mtfivem/c144301809346eb.html]
[mtrp.store/mtfivem/c14430180939cce.html]
[mtrp.store/mtfivem/c14430180933ba8.html]
[mtrp.store/mtfivem/c1443018093b76d.html]
[mtrp.store/mtfivem/c14430180937852.html]
[mtrp.store/mtfivem/c1443018093741e.html]
[mtrp.store/mtfivem/c1443018093de9d.html]
[mtrp.store/mtfivem/c1443018093d2c3.html]
[mtrp.store/mtfivem/c1443018093874e.html]
[mtrp.store/mtfivem/c14430180935d1e.html]
[mtrp.store/mtfivem/c1443018093d102.html]
[mtrp.store/mtfivem/c1443018093bfa2.html]
[mtrp.store/mtfivem/c14430180938c9b.html]
[mtrp.store/mtfivem/c14430180936a8b.html]
[mtrp.store/mtfivem/c1443018093dc23.html]
[mtrp.store/mtfivem/c144301809358dd.html]
[mtrp.store/mtfivem/c144301809306e8.html]
[mtrp.store/mtfivem/c1443018093c75f.html]
[mtrp.store/mtfivem/c14430180933f69.html]
[mtrp.store/اولوية-الدخول-السريع-lvl-2-24h/p1168384187.html]
[mtrp.store/اولوية-الدخول-السريع-lvl-3-24h/p1162991082.html]
[mtrp.store/عضوية-مزاد/p1010483905.html]
[mtrp.store/اضافة-5-خانات-للخزنة/p1644594821.html]
[mtrp.store/رقم-هاتف-مميز-مكون-من-3-رموز-عشوائية/p751014259.html]
[mtrp.store/رقم-هاتف-مميز-مكون-من-5-رموز-عشوائية/p644061722.html]
[mtrp.store/رقم-هاتف-مميز-مكون-من-10-رموز-3-مختارة/p402883329.html]
[mtrp.store/رقم-هاتف-مميز-مكون-من-10-رموز-4-مختارة/p113899524.html]
[mtrp.store/رقم-هاتف-مميز-مكون-من-10-رموز-5-مختارة/p961923626.html]
[mtrp.store/رقم-هاتف-مميز-مكون-من-10-رموز-6-مختارة/p1729578534.html]
[mtrp.store/رقم-هاتف-مميز-مكون-من-10-رموز-7-مختارة/p1945214168.html]
[mtrp.store/رقم-هاتف-مميز-مكون-من-10-رموز-8-مختارة/p1164269270.html]
[mtrp.store/رقم-هاتف-مميز-مكون-من-10-رموز-9-مختارة/p149061374.html]
[mtrp.store/لوحة-مركبة-8-رموز-8-مختارة/p2042784171.html]
[mtrp.store/لوحة-مركبة-8-رموز-7-مختارة/p952598700.html]
[mtrp.store/لوحة-مركبة-8-رموز-6-مختارة/p987750238.html]
[mtrp.store/لوحة-مركبة-8-رموز-4-مختارة/p845646411.html]
[mtrp.store/لوحة-مركبة-8-رموز-3-مختارة/p1959477054.html]
[mtrp.store/انشاء-خزنة/p578363263.html]
[mtrp.store/حذف-الشخصية/p1664015163.html]
[mtrp.store/تغير-جنسية-الشخصية/p1512524970.html]
[mtrp.store/تغير-تاريخ-الميلاد/p544469192.html]
[mtrp.store/mtfivem/c1443018093.html]
[mtrp.store/الشخصية/c1282360812.html]
[mtrp.store/الحساب/c473700083.html]
[mtrp.store/المركبات/c299638682.html]
[mtrp.store/المنازل/c829862392.html]
[mtrp.store/mtfivem/c14430180934658.html]
[mtrp.store/الدخول-السريع/c735061148b912.html]
[mtrp.store/الدخول-السريع/c7350611480307.html]
[mtrp.store/الدخول-السريع/c735061148c622.html]
[mtrp.store/الدخول-السريع/c735061148ca82.html]
[mtrp.store/الدخول-السريع/c73506114874e8.html]
[mtrp.store/الدخول-السريع/c7350611483c91.html]
[mtrp.store/الدخول-السريع/c7350611485bbc.html]
[mtrp.store/الدخول-السريع/c7350611489f49.html]
[mtrp.store/الدخول-السريع/c7350611480d8c.html]
[mtrp.store/الدخول-السريع/c735061148b860.html]
[mtrp.store/الدخول-السريع/c735061148edbc.html]
[mtrp.store/الدخول-السريع/c7350611489c78.html]
[mtrp.store/الدخول-السريع/c73506114846eb.html]
[mtrp.store/الدخول-السريع/c7350611489cce.html]
[mtrp.store/الدخول-السريع/c7350611483ba8.html]
[mtrp.store/الدخول-السريع/c735061148b76d.html]
[mtrp.store/الدخول-السريع/c7350611487852.html]
[mtrp.store/الدخول-السريع/c735061148741e.html]
[mtrp.store/الدخول-السريع/c735061148de9d.html]
[mtrp.store/الدخول-السريع/c735061148d2c3.html]
[mtrp.store/الدخول-السريع/c735061148874e.html]
[mtrp.store/الدخول-السريع/c7350611485d1e.html]
[mtrp.store/الدخول-السريع/c735061148d102.html]
[mtrp.store/الدخول-السريع/c735061148bfa2.html]
[mtrp.store/الدخول-السريع/c7350611488c9b.html]
[mtrp.store/الدخول-السريع/c7350611486a8b.html]
[mtrp.store/الدخول-السريع/c735061148dc23.html]
[mtrp.store/الدخول-السريع/c73506114858dd.html]
[mtrp.store/الدخول-السريع/c73506114806e8.html]
[mtrp.store/الدخول-السريع/c735061148c75f.html]
[mtrp.store/الدخول-السريع/c735061148.html]
[mtrp.store/العضويات/c613710790.html]
[mtrp.store/دعم-السيرفر-donate-5/p163766677.html]
[mtrp.store/الدخول-السريع/c7350611483f69.html]
[mtrp.store/indexb912.html]
[mtrp.store/index0307.html]
[mtrp.store/indexc622.html]
[mtrp.store/indexca82.html]
[mtrp.store/index74e8.html]
[mtrp.store/index3c91.html]
[mtrp.store/index5bbc.html]
[mtrp.store/index9f49.html]
[mtrp.store/index0d8c.html]
[mtrp.store/indexb860.html]
[mtrp.store/indexedbc.html]
[mtrp.store/index9c78.html]
[mtrp.store/index46eb.html]
[mtrp.store/index9cce.html]
[mtrp.store/index3ba8.html]
[mtrp.store/indexb76d.html]
[mtrp.store/index7852.html]
[mtrp.store/index741e.html]
[mtrp.store/indexde9d.html]
[mtrp.store/indexd2c3.html]
[mtrp.store/index874e.html]
[mtrp.store/index5d1e.html]
[mtrp.store/indexd102.html]
[mtrp.store/indexbfa2.html]
[mtrp.store/index8c9b.html]
[mtrp.store/index6a8b.html]
[mtrp.store/indexdc23.html]
[mtrp.store/index58dd.html]
[mtrp.store/index06e8.html]
[mtrp.store/indexc75f.html]
[mtrp.store/index3f69.html]
[mtrp.store/كود-التفعيل/p742772087.html]
[mtrp.store/اضافة-100-كيلو-للخزنة/p117441863.html]
[mtrp.store/اختيار-مجسم-شخصية/p1937406742.html]
[mtrp.store/لوحة-مركبة-5-رموز-عشوائية/p1053700786.html]
[mtrp.store/رقم-هاتف-مميز-مكون-من-10-رموز-مختارة/p1887815507.html]
[mtrp.store/تغير-الأسم/p759540843.html]
[mtrp.store/اولوية-الدخول-السريع-lvl-1-7-ايام/p1892996512.html]
[mtrp.store/اولوية-الدخول-السريع-lvl-2-7-ايام/p1317696514.html]
[mtrp.store/اولوية-الدخول-السريع-lvl-3-7-ايام/p1423858837.html]
[mtrp.store/اولوية-الدخول-السريع-lvl-1-24h/p334039267.html]
[mtrp.store/حزمة-الخيل-العربي-الأحمر-7-ايام/p1662222065.html]
[mtrp.store/اولوية-الدخول-السريع-lvl-3-14-day/p163896128.html]
[mtrp.store/زيادة-كيلوات-خزنة-البنك-50-كيلو/p545912220.html]
[mtrp.store/زيادة-حقيبة-اللاعب-10-كيلو/p919553728.html]
[mtrp.store/حزمة-الخيل-العربي-الأسود-7-ايام/p1653421419.html]
[mtrp.store/حزمة-الخيل-الذهبي-7-ايام/p1618206642.html]
[mtrp.store/زيادة-خانات-خزنة-البنك-5-خانات/p630961469.html]
[mtrp.store/اولوية-الدخول-السريع-lvl-2-14-day/p826316835.html]
[mtrp.store/سياسة-الاستبدال-والاسترجاع/page-2072543970.html]
[cdn.assets.salla.network/themes/default/assets/images/placeholder.png]
[cdn.assets.salla.network/images/logo7ade.png]
[cdn.assets.salla.network/images/box-shadow2737.png]
[cdn.assets.salla.network/images/logo@2x28c4.png]
[cdn.assets.salla.network/images/logo@3xaba9.png]
[cdn.assets.salla.network/images/images6d2b.png]
[cdn.assets.salla.network/stores/images/login_cover.jpg]
[cdn.assets.salla.network/stores/css/owl.video.play.png]
[cdn.assets.salla.network/stores/themes/default/assets/css/fonts/slick.eot]
[cdn.assets.salla.network/stores/themes/default/assets/css/fonts/slickd41d.eot]
[cdn.assets.salla.network/stores/themes/default/assets/css/fonts/slick.woff]
[cdn.assets.salla.network/stores/themes/default/assets/css/fonts/slick.ttf]
[cdn.assets.salla.network/stores/themes/default/assets/css/fonts/slick.svg]
[cdn.assets.salla.network/stores/fonts/sallaicons458b.svg]
[cdn.assets.salla.network/stores/themes/theme_6/assets/img/newsletter.jpg]
[mtrp.store/cartb912.html]
[mtrp.store/cart0307.html]
[mtrp.store/cartc622.html]
[mtrp.store/cartca82.html]
[mtrp.store/cart74e8.html]
[mtrp.store/cart3c91.html]
[mtrp.store/cart5bbc.html]
[mtrp.store/cart9f49.html]
[mtrp.store/cart0d8c.html]
[mtrp.store/cartb860.html]
[mtrp.store/cartedbc.html]
[mtrp.store/cart9c78.html]
[mtrp.store/cart46eb.html]
[mtrp.store/cart9cce.html]
[mtrp.store/cart3ba8.html]
[mtrp.store/cartb76d.html]
[mtrp.store/cart7852.html]
[mtrp.store/cart741e.html]
[mtrp.store/cartde9d.html]
[mtrp.store/cartd2c3.html]
[mtrp.store/cart874e.html]
[mtrp.store/cart5d1e.html]
[mtrp.store/cartd102.html]
[mtrp.store/cartbfa2.html]
[mtrp.store/cart8c9b.html]
[mtrp.store/cart6a8b.html]
[mtrp.store/cartdc23.html]
[mtrp.store/cart58dd.html]
[mtrp.store/cart06e8.html]
[mtrp.store/cartc75f.html]
[mtrp.store/cart3f69.html]
[mtrp.store/mtredm/c1549978694b912.html]
[mtrp.store/mtredm/c15499786940307.html]
[mtrp.store/mtredm/c1549978694c622.html]
[mtrp.store/mtredm/c1549978694ca82.html]
[mtrp.store/mtredm/c154997869474e8.html]
[mtrp.store/mtredm/c15499786943c91.html]
[mtrp.store/mtredm/c15499786945bbc.html]
[mtrp.store/mtredm/c15499786949f49.html]
[mtrp.store/mtredm/c15499786940d8c.html]
[mtrp.store/mtredm/c1549978694b860.html]
[mtrp.store/mtredm/c1549978694edbc.html]
[mtrp.store/mtredm/c15499786949c78.html]
[mtrp.store/mtredm/c154997869446eb.html]
[mtrp.store/mtredm/c15499786949cce.html]
[mtrp.store/mtredm/c15499786943ba8.html]
[mtrp.store/mtredm/c1549978694b76d.html]
[mtrp.store/mtredm/c15499786947852.html]
[mtrp.store/mtredm/c1549978694741e.html]
[mtrp.store/mtredm/c1549978694de9d.html]
[mtrp.store/mtredm/c1549978694d2c3.html]
[mtrp.store/mtredm/c1549978694874e.html]
[mtrp.store/mtredm/c15499786945d1e.html]
[mtrp.store/mtredm/c1549978694d102.html]
[mtrp.store/mtredm/c1549978694bfa2.html]
[mtrp.store/mtredm/c15499786948c9b.html]
[mtrp.store/mtredm/c15499786946a8b.html]
[mtrp.store/mtredm/c1549978694dc23.html]
[mtrp.store/mtredm/c154997869458dd.html]
[mtrp.store/mtredm/c154997869406e8.html]
[mtrp.store/mtredm/c1549978694c75f.html]
[mtrp.store/mtredm/c15499786943f69.html]
[mtrp.store/اولوية-الدخول-السريع-lvl-1-14-day/p371257797.html]
[mtrp.store/index1e5d.html]
[mtrp.store/mtfivem/c1443018093b912.html]
[mtrp.store/mtfivem/c1443018093327d.html]
[mtrp.store/mtfivem/c14430180930307.html]
[mtrp.store/mtfivem/c1443018093f148.html]
[mtrp.store/mtfivem/c1443018093c622.html]
[mtrp.store/mtfivem/c1443018093b03d.html]
[mtrp.store/mtfivem/c1443018093ca82.html]
[mtrp.store/mtfivem/c1443018093c16e.html]
[mtrp.store/mtfivem/c144301809374e8.html]
[mtrp.store/mtfivem/c1443018093865b.html]
[mtrp.store/mtfivem/c14430180933c91.html]
[mtrp.store/mtfivem/c14430180935fe8.html]
[mtrp.store/mtfivem/c14430180935bbc.html]
[mtrp.store/mtfivem/c144301809373ff.html]
[mtrp.store/mtfivem/c14430180939f49.html]
[mtrp.store/mtfivem/c1443018093d581.html]
[mtrp.store/mtfivem/c14430180930d8c.html]
[mtrp.store/mtfivem/c144301809376bc.html]
[mtrp.store/mtfivem/c1443018093b860.html]
[mtrp.store/mtfivem/c1443018093103e.html]
[mtrp.store/mtfivem/c1443018093edbc.html]
[mtrp.store/mtfivem/c1443018093eea2.html]
[mtrp.store/mtfivem/c14430180939c78.html]
[mtrp.store/mtfivem/c1443018093d3bf.html]
[mtrp.store/mtfivem/c144301809346eb.html]
[mtrp.store/mtfivem/c14430180933a5f.html]
[mtrp.store/mtfivem/c14430180939cce.html]
[mtrp.store/mtfivem/c144301809347e1.html]
[mtrp.store/mtfivem/c14430180933ba8.html]
[mtrp.store/mtfivem/c14430180935ff8.html]
[mtrp.store/mtfivem/c1443018093b76d.html]
[mtrp.store/mtfivem/c1443018093d21d.html]
[mtrp.store/mtfivem/c14430180937852.html]
[mtrp.store/mtfivem/c14430180938784.html]
[mtrp.store/mtfivem/c1443018093741e.html]
[mtrp.store/mtfivem/c1443018093b265.html]
[mtrp.store/mtfivem/c1443018093de9d.html]
[mtrp.store/mtfivem/c1443018093ca82-2.html]
[mtrp.store/mtfivem/c1443018093d2c3.html]
[mtrp.store/mtfivem/c1443018093fd16.html]
[mtrp.store/mtfivem/c1443018093874e.html]
[mtrp.store/mtfivem/c1443018093622f.html]
[mtrp.store/mtfivem/c14430180935d1e.html]
[mtrp.store/mtfivem/c144301809398fa.html]
[mtrp.store/mtfivem/c1443018093d102.html]
[mtrp.store/mtfivem/c1443018093da8b.html]
[mtrp.store/mtfivem/c1443018093bfa2.html]
[mtrp.store/mtfivem/c14430180930db1.html]
[mtrp.store/mtfivem/c14430180938c9b.html]
[mtrp.store/mtfivem/c1443018093d12d.html]
[mtrp.store/mtfivem/c14430180936a8b.html]
[mtrp.store/mtfivem/c144301809376c1.html]
[mtrp.store/mtfivem/c1443018093dc23.html]
[mtrp.store/mtfivem/c1443018093f561.html]
[mtrp.store/mtfivem/c144301809358dd.html]
[mtrp.store/mtfivem/c144301809380a4.html]
[mtrp.store/mtfivem/c144301809306e8.html]
[mtrp.store/mtfivem/c1443018093a61e.html]
[mtrp.store/mtfivem/c1443018093c75f.html]
[mtrp.store/mtfivem/c14430180938217.html]
[mtrp.store/mtfivem/c14430180933f69.html]
[mtrp.store/اولوية-الدخول-السريع-lvl-2-24h/p1168384187.html]
[mtrp.store/اولوية-الدخول-السريع-lvl-3-24h/p1162991082.html]
[mtrp.store/عضوية-مزاد/p1010483905.html]
[mtrp.store/اضافة-5-خانات-للخزنة/p1644594821.html]
[mtrp.store/رقم-هاتف-مميز-مكون-من-3-رموز-عشوائية/p751014259.html]
[mtrp.store/رقم-هاتف-مميز-مكون-من-5-رموز-عشوائية/p644061722.html]
[mtrp.store/رقم-هاتف-مميز-مكون-من-10-رموز-3-مختارة/p402883329.html]
[mtrp.store/رقم-هاتف-مميز-مكون-من-10-رموز-4-مختارة/p113899524.html]
[mtrp.store/رقم-هاتف-مميز-مكون-من-10-رموز-5-مختارة/p961923626.html]
[mtrp.store/رقم-هاتف-مميز-مكون-من-10-رموز-6-مختارة/p1729578534.html]
[mtrp.store/رقم-هاتف-مميز-مكون-من-10-رموز-7-مختارة/p1945214168.html]
[mtrp.store/رقم-هاتف-مميز-مكون-من-10-رموز-8-مختارة/p1164269270.html]
[mtrp.store/رقم-هاتف-مميز-مكون-من-10-رموز-9-مختارة/p149061374.html]
[mtrp.store/لوحة-مركبة-8-رموز-8-مختارة/p2042784171.html]
[mtrp.store/لوحة-مركبة-8-رموز-7-مختارة/p952598700.html]
[mtrp.store/لوحة-مركبة-8-رموز-6-مختارة/p987750238.html]
[mtrp.store/لوحة-مركبة-8-رموز-4-مختارة/p845646411.html]
[mtrp.store/لوحة-مركبة-8-رموز-3-مختارة/p1959477054.html]
[mtrp.store/انشاء-خزنة/p578363263.html]
[mtrp.store/حذف-الشخصية/p1664015163.html]
[mtrp.store/تغير-جنسية-الشخصية/p1512524970.html]
[mtrp.store/تغير-تاريخ-الميلاد/p544469192.html]
[mtrp.store/mtfivem/c1443018093edbe.html]
[mtrp.store/لوحة-مركبة-3-رموز-عشوائية/p643930903.html]
[mtrp.store/mtfivem/c14430180934658.html]
[mtrp.store/الدخول-السريع/c735061148b912.html]
[mtrp.store/الدخول-السريع/c7350611480307.html]
[mtrp.store/الدخول-السريع/c735061148c622.html]
[mtrp.store/الدخول-السريع/c735061148ca82.html]
[mtrp.store/الدخول-السريع/c73506114874e8.html]
[mtrp.store/الدخول-السريع/c7350611483c91.html]
[mtrp.store/الدخول-السريع/c7350611485bbc.html]
[mtrp.store/الدخول-السريع/c7350611489f49.html]
[mtrp.store/الدخول-السريع/c7350611480d8c.html]
[mtrp.store/الدخول-السريع/c735061148b860.html]
[mtrp.store/الدخول-السريع/c735061148edbc.html]
[mtrp.store/الدخول-السريع/c7350611489c78.html]
[mtrp.store/الدخول-السريع/c73506114846eb.html]
[mtrp.store/الدخول-السريع/c7350611489cce.html]
[mtrp.store/الدخول-السريع/c7350611483ba8.html]
[mtrp.store/الدخول-السريع/c735061148b76d.html]
[mtrp.store/الدخول-السريع/c7350611487852.html]
[mtrp.store/الدخول-السريع/c735061148741e.html]
[mtrp.store/الدخول-السريع/c735061148de9d.html]
[mtrp.store/الدخول-السريع/c735061148d2c3.html]
[mtrp.store/الدخول-السريع/c735061148874e.html]
[mtrp.store/الدخول-السريع/c7350611485d1e.html]
[mtrp.store/لوحة-مركبة-8-رموز-5-مختارة/p1768631789.html]
[mtrp.store/الدخول-السريع/c735061148d102.html]
[mtrp.store/الدخول-السريع/c735061148bfa2.html]
[mtrp.store/الدخول-السريع/c7350611488c9b.html]
[mtrp.store/الدخول-السريع/c7350611486a8b.html]
[mtrp.store/الدخول-السريع/c735061148dc23.html]
[mtrp.store/الدخول-السريع/c73506114858dd.html]
[mtrp.store/الدخول-السريع/c73506114806e8.html]
[mtrp.store/الدخول-السريع/c735061148c75f.html]
[mtrp.store/الدخول-السريع/c7350611483f69.html]
[mtrp.store/redirect/categories/1443018093.html]
[mtrp.store/mtfivem/c1443018093327d.html]
[mtrp.store/mtfivem/c1443018093f148.html]
[mtrp.store/mtfivem/c1443018093b03d.html]
[mtrp.store/mtfivem/c1443018093c16e.html]
[mtrp.store/mtfivem/c1443018093865b.html]
[mtrp.store/mtfivem/c14430180935fe8.html]
[mtrp.store/mtfivem/c144301809373ff.html]
[mtrp.store/mtfivem/c1443018093d581.html]
[mtrp.store/mtfivem/c144301809376bc.html]
[mtrp.store/mtfivem/c1443018093103e.html]
[mtrp.store/mtfivem/c1443018093eea2.html]
[mtrp.store/mtfivem/c1443018093d3bf.html]
[mtrp.store/mtfivem/c14430180933a5f.html]
[mtrp.store/mtfivem/c144301809347e1.html]
[mtrp.store/mtfivem/c14430180935ff8.html]
[mtrp.store/mtfivem/c1443018093d21d.html]
[mtrp.store/mtfivem/c14430180938784.html]
[mtrp.store/mtfivem/c1443018093b265.html]
[mtrp.store/mtfivem/c1443018093ca82-2.html]
[mtrp.store/mtfivem/c1443018093fd16.html]
[mtrp.store/mtfivem/c1443018093622f.html]
[mtrp.store/mtfivem/c144301809398fa.html]
[mtrp.store/mtfivem/c1443018093da8b.html]
[mtrp.store/mtfivem/c14430180930db1.html]
[mtrp.store/mtfivem/c1443018093d12d.html]
[mtrp.store/mtfivem/c144301809376c1.html]
[mtrp.store/mtfivem/c1443018093f561.html]
[mtrp.store/mtfivem/c144301809380a4.html]
[mtrp.store/mtfivem/c1443018093a61e.html]
[mtrp.store/mtfivem/c14430180938217.html]
[mtrp.store/mtfivem/c1443018093edbe.html]
[mtrp.store/لوحة-مركبة-3-رموز-عشوائية/p643930903.html]
[mtrp.store/لوحة-مركبة-8-رموز-5-مختارة/p1768631789.html]
